// Jest Snapshot v1, https://goo.gl/fbAQLP

exports[`App renders correctly 1`] = `
Object {
  "asFragment": [Function],
  "baseElement": <body>
    <div>
      <div
        class="App"
      >
        <nav>
          <a
            class="text-links"
            href="/"
          >
            <h3
              class="nav-logo"
            >
              Logo
            </h3>
          </a>
          <ul
            class="nav-links"
          >
            <a
              class="text-links"
              href="/about"
            >
              <li
                class="list-items"
              >
                About
              </li>
            </a>
            <a
              class="text-links"
              href="/order"
            >
              <li
                class="list-items"
              >
                Order
              </li>
            </a>
          </ul>
        </nav>
        <main>
          <div
            class="Home"
          >
            <h1
              class="page-title"
            >
              CoCo Coffee
            </h1>
          </div>
        </main>
      </div>
    </div>
  </body>,
  "container": <div>
    <div
      class="App"
    >
      <nav>
        <a
          class="text-links"
          href="/"
        >
          <h3
            class="nav-logo"
          >
            Logo
          </h3>
        </a>
        <ul
          class="nav-links"
        >
          <a
            class="text-links"
            href="/about"
          >
            <li
              class="list-items"
            >
              About
            </li>
          </a>
          <a
            class="text-links"
            href="/order"
          >
            <li
              class="list-items"
            >
              Order
            </li>
          </a>
        </ul>
      </nav>
      <main>
        <div
          class="Home"
        >
          <h1
            class="page-title"
          >
            CoCo Coffee
          </h1>
        </div>
      </main>
    </div>
  </div>,
  "debug": [Function],
  "findAllByAltText": [Function],
  "findAllByDisplayValue": [Function],
  "findAllByLabelText": [Function],
  "findAllByPlaceholderText": [Function],
  "findAllByRole": [Function],
  "findAllByTestId": [Function],
  "findAllByText": [Function],
  "findAllByTitle": [Function],
  "findByAltText": [Function],
  "findByDisplayValue": [Function],
  "findByLabelText": [Function],
  "findByPlaceholderText": [Function],
  "findByRole": [Function],
  "findByTestId": [Function],
  "findByText": [Function],
  "findByTitle": [Function],
  "getAllByAltText": [Function],
  "getAllByDisplayValue": [Function],
  "getAllByLabelText": [Function],
  "getAllByPlaceholderText": [Function],
  "getAllByRole": [Function],
  "getAllByTestId": [Function],
  "getAllByText": [Function],
  "getAllByTitle": [Function],
  "getByAltText": [Function],
  "getByDisplayValue": [Function],
  "getByLabelText": [Function],
  "getByPlaceholderText": [Function],
  "getByRole": [Function],
  "getByTestId": [Function],
  "getByText": [Function],
  "getByTitle": [Function],
  "queryAllByAltText": [Function],
  "queryAllByDisplayValue": [Function],
  "queryAllByLabelText": [Function],
  "queryAllByPlaceholderText": [Function],
  "queryAllByRole": [Function],
  "queryAllByTestId": [Function],
  "queryAllByText": [Function],
  "queryAllByTitle": [Function],
  "queryByAltText": [Function],
  "queryByDisplayValue": [Function],
  "queryByLabelText": [Function],
  "queryByPlaceholderText": [Function],
  "queryByRole": [Function],
  "queryByTestId": [Function],
  "queryByText": [Function],
  "queryByTitle": [Function],
  "rerender": [Function],
  "unmount": [Function],
}
`;
